// Peeky snapshots v1.0

exports[`basic mount component 1`] = `
<div
  class="foo"
  data-v-381df0ba
>
  <div>
    4 x 2 = 8
  </div>
  <button>
    x1
  </button>
</div>
`;

exports[`basic mount component 2`] = `
<div
  class="foo"
  data-v-381df0ba
>
  <div>
    4 x 5 = 20
  </div>
  <button>
    x1
  </button>
</div>
`;